 [LOGGER] 2024-10-05 06:20:56.038 PM error : Error pada file src/controllers/example.controller.ts: findAllExample - bind message supplies 3 parameters, but prepared statement "" requires 2
 [LOGGER] 2024-10-05 06:21:18.322 PM error : Error pada file src/controllers/example.controller.ts: findAllExample - bind message supplies 3 parameters, but prepared statement "" requires 2
 [LOGGER] 2024-10-05 06:21:37.618 PM error : Error pada file src/controllers/example.controller.ts: findAllExample - bind message supplies 3 parameters, but prepared statement "" requires 2
 [LOGGER] 2024-10-05 06:21:46.262 PM error : Error pada file src/controllers/example.controller.ts: findAllExample - bind message supplies 3 parameters, but prepared statement "" requires 2
 [LOGGER] 2024-10-05 06:21:49.988 PM error : Error pada file src/controllers/example.controller.ts: findAllExample - bind message supplies 3 parameters, but prepared statement "" requires 2
 [LOGGER] 2024-10-05 06:22:38.129 PM error : Error pada file src/controllers/example.controller.ts: findAllExample - Cannot read properties of undefined (reading 'count')
 [LOGGER] 2024-10-05 06:25:22.454 PM error : Error pada file src/controllers/example.controller.ts: findAllExample - Cannot read properties of undefined (reading 'count')
 [LOGGER] 2024-10-05 06:25:42.781 PM error : Error pada file src/controllers/example.controller.ts: findAllExample - Cannot read properties of undefined (reading 'count')
 [LOGGER] 2024-10-05 06:25:56.335 PM error : Error pada file src/controllers/example.controller.ts: findAllExample - bind message supplies 3 parameters, but prepared statement "" requires 2
 [LOGGER] 2024-10-05 06:27:49.414 PM error : Error pada file src/controllers/example.controller.ts: findAllExample - Cannot read properties of undefined (reading 'count')
 [LOGGER] 2024-10-05 06:29:00.168 PM error : Error pada file src/controllers/example.controller.ts: findAllExample - Cannot read properties of undefined (reading 'count')
 [LOGGER] 2024-10-05 06:31:02.236 PM error : Error pada file src/controllers/example.controller.ts: findAllExample - Cannot read properties of undefined (reading 'count')
 [LOGGER] 2024-10-05 06:32:56.747 PM error : Error pada file src/controllers/example.controller.ts: findAllExample - Cannot read properties of undefined (reading 'count')
 [LOGGER] 2024-10-05 07:31:08.369 PM error : Error pada file src/controllers/example.controller.ts: findAllExample - could not determine data type of parameter $1
 [LOGGER] 2024-10-05 07:32:55.335 PM error : Error pada file src/controllers/example.controller.ts: findAllExample - invalid input syntax for type bigint: "NaN"
 [LOGGER] 2024-10-05 07:33:01.411 PM error : Error pada file src/controllers/example.controller.ts: findAllExample - invalid input syntax for type bigint: "NaN"
 [LOGGER] 2024-10-05 07:34:56.555 PM error : Error pada file src/controllers/example.controller.ts: findAllExample - invalid input syntax for type bigint: "NaN"
 [LOGGER] 2024-10-05 07:35:14.483 PM error : Error pada file src/controllers/example.controller.ts: findAllExample - OFFSET must not be negative
 [LOGGER] 2024-10-05 07:35:49.788 PM error : Error pada file src/controllers/example.controller.ts: findAllExample - invalid input syntax for type bigint: ""
 [LOGGER] 2024-10-05 07:35:51.759 PM error : Error pada file src/controllers/example.controller.ts: findAllExample - invalid input syntax for type bigint: ""
 [LOGGER] 2024-10-05 07:35:52.742 PM error : Error pada file src/controllers/example.controller.ts: findAllExample - invalid input syntax for type bigint: ""
 [LOGGER] 2024-10-05 07:36:21.918 PM error : Error pada file src/controllers/example.controller.ts: findAllExample - invalid input syntax for type bigint: ""
 [LOGGER] 2024-10-05 07:36:50.550 PM error : Error pada file src/controllers/example.controller.ts: findAllExample - invalid input syntax for type bigint: ""
 [LOGGER] 2024-10-05 07:37:13.059 PM error : Error pada file src/controllers/example.controller.ts: findAllExample - invalid input syntax for type bigint: ""
 [LOGGER] 2024-10-05 07:38:01.791 PM error : Error pada file src/controllers/example.controller.ts: findAllExample - invalid input syntax for type bigint: ""
 [LOGGER] 2024-10-05 07:38:51.873 PM error : Error pada file src/controllers/example.controller.ts: findAllExample - invalid input syntax for type bigint: ""
 [LOGGER] 2024-10-05 07:38:53.286 PM error : Error pada file src/controllers/example.controller.ts: findAllExample - invalid input syntax for type bigint: ""
 [LOGGER] 2024-10-05 07:38:53.931 PM error : Error pada file src/controllers/example.controller.ts: findAllExample - invalid input syntax for type bigint: ""
 [LOGGER] 2024-10-05 07:38:55.596 PM error : Error pada file src/controllers/example.controller.ts: findAllExample - invalid input syntax for type bigint: ""
 [LOGGER] 2024-10-05 07:40:46.088 PM error : Error pada file src/controllers/example.controller.ts: findAllExample - invalid input syntax for type bigint: ""
 [LOGGER] 2024-10-05 07:41:52.176 PM error : Error pada file src/controllers/example.controller.ts: findAllExample - invalid input syntax for type bigint: ""
 [LOGGER] 2024-10-05 07:42:35.329 PM error : Error pada file src/controllers/example.controller.ts: findAllExample - invalid input syntax for type bigint: ""
 [LOGGER] 2024-10-05 07:42:36.497 PM error : Error pada file src/controllers/example.controller.ts: findAllExample - invalid input syntax for type bigint: ""
 [LOGGER] 2024-10-05 07:47:08.109 PM error : Error pada file src/controllers/example.controller.ts: findAllExample - OFFSET must not be negative
 [LOGGER] 2024-10-05 07:47:24.536 PM error : Error pada file src/controllers/example.controller.ts: findAllExample - OFFSET must not be negative
