 [LOGGER] 2024-10-06 12:24:22.687 PM error : uncaughtException: listen EADDRINUSE: address already in use :::5000
Error: listen EADDRINUSE: address already in use :::5000
    at Server.setupListenHandle [as _listen2] (node:net:1817:16)
    at listenInCluster (node:net:1865:12)
    at Server.listen (node:net:1953:7)
    at Function.listen (D:\project\template project\express-ts\node_modules\express\lib\application.js:635:24)
    at Object.<anonymous> (D:\project\template project\express-ts\src\index.ts:11:5)
    at Module._compile (node:internal/modules/cjs/loader:1256:14)
    at Module.m._compile (D:\project\template project\express-ts\node_modules\ts-node\src\index.ts:1618:23)
    at Module._extensions..js (node:internal/modules/cjs/loader:1310:10)
    at Object.require.extensions.<computed> [as .ts] (D:\project\template project\express-ts\node_modules\ts-node\src\index.ts:1621:12)
    at Module.load (node:internal/modules/cjs/loader:1119:32)
 [LOGGER] 2024-10-06 12:24:55.020 PM error : uncaughtException: listen EADDRINUSE: address already in use :::5000
Error: listen EADDRINUSE: address already in use :::5000
    at Server.setupListenHandle [as _listen2] (node:net:1817:16)
    at listenInCluster (node:net:1865:12)
    at Server.listen (node:net:1953:7)
    at Function.listen (D:\project\template project\express-ts\node_modules\express\lib\application.js:635:24)
    at Object.<anonymous> (D:\project\template project\express-ts\src\index.ts:11:5)
    at Module._compile (node:internal/modules/cjs/loader:1256:14)
    at Module.m._compile (D:\project\template project\express-ts\node_modules\ts-node\src\index.ts:1618:23)
    at Module._extensions..js (node:internal/modules/cjs/loader:1310:10)
    at Object.require.extensions.<computed> [as .ts] (D:\project\template project\express-ts\node_modules\ts-node\src\index.ts:1621:12)
    at Module.load (node:internal/modules/cjs/loader:1119:32)
 [LOGGER] 2024-10-06 03:09:18.630 PM error : uncaughtException: listen EADDRINUSE: address already in use :::5000
Error: listen EADDRINUSE: address already in use :::5000
    at Server.setupListenHandle [as _listen2] (node:net:1817:16)
    at listenInCluster (node:net:1865:12)
    at Server.listen (node:net:1953:7)
    at Function.listen (D:\project\template project\express-ts\node_modules\express\lib\application.js:635:24)
    at Object.<anonymous> (D:\project\template project\express-ts\src\index.ts:11:5)
    at Module._compile (node:internal/modules/cjs/loader:1256:14)
    at Module.m._compile (D:\project\template project\express-ts\node_modules\ts-node\src\index.ts:1618:23)
    at Module._extensions..js (node:internal/modules/cjs/loader:1310:10)
    at Object.require.extensions.<computed> [as .ts] (D:\project\template project\express-ts\node_modules\ts-node\src\index.ts:1621:12)
    at Module.load (node:internal/modules/cjs/loader:1119:32)
 [LOGGER] 2024-10-06 03:09:31.308 PM error : uncaughtException: listen EADDRINUSE: address already in use :::5000
Error: listen EADDRINUSE: address already in use :::5000
    at Server.setupListenHandle [as _listen2] (node:net:1817:16)
    at listenInCluster (node:net:1865:12)
    at Server.listen (node:net:1953:7)
    at Function.listen (D:\project\template project\express-ts\node_modules\express\lib\application.js:635:24)
    at Object.<anonymous> (D:\project\template project\express-ts\src\index.ts:11:5)
    at Module._compile (node:internal/modules/cjs/loader:1256:14)
    at Module.m._compile (D:\project\template project\express-ts\node_modules\ts-node\src\index.ts:1618:23)
    at Module._extensions..js (node:internal/modules/cjs/loader:1310:10)
    at Object.require.extensions.<computed> [as .ts] (D:\project\template project\express-ts\node_modules\ts-node\src\index.ts:1621:12)
    at Module.load (node:internal/modules/cjs/loader:1119:32)
 [LOGGER] 2024-10-06 03:10:00.667 PM error : uncaughtException: listen EADDRINUSE: address already in use :::5000
Error: listen EADDRINUSE: address already in use :::5000
    at Server.setupListenHandle [as _listen2] (node:net:1817:16)
    at listenInCluster (node:net:1865:12)
    at Server.listen (node:net:1953:7)
    at Function.listen (D:\project\template project\express-ts\node_modules\express\lib\application.js:635:24)
    at Object.<anonymous> (D:\project\template project\express-ts\src\index.ts:11:5)
    at Module._compile (node:internal/modules/cjs/loader:1256:14)
    at Module.m._compile (D:\project\template project\express-ts\node_modules\ts-node\src\index.ts:1618:23)
    at Module._extensions..js (node:internal/modules/cjs/loader:1310:10)
    at Object.require.extensions.<computed> [as .ts] (D:\project\template project\express-ts\node_modules\ts-node\src\index.ts:1621:12)
    at Module.load (node:internal/modules/cjs/loader:1119:32)
 [LOGGER] 2024-10-06 03:10:34.913 PM error : uncaughtException: listen EADDRINUSE: address already in use :::5000
Error: listen EADDRINUSE: address already in use :::5000
    at Server.setupListenHandle [as _listen2] (node:net:1817:16)
    at listenInCluster (node:net:1865:12)
    at Server.listen (node:net:1953:7)
    at Function.listen (D:\project\template project\express-ts\node_modules\express\lib\application.js:635:24)
    at Object.<anonymous> (D:\project\template project\express-ts\src\index.ts:11:5)
    at Module._compile (node:internal/modules/cjs/loader:1256:14)
    at Module.m._compile (D:\project\template project\express-ts\node_modules\ts-node\src\index.ts:1618:23)
    at Module._extensions..js (node:internal/modules/cjs/loader:1310:10)
    at Object.require.extensions.<computed> [as .ts] (D:\project\template project\express-ts\node_modules\ts-node\src\index.ts:1621:12)
    at Module.load (node:internal/modules/cjs/loader:1119:32)
 [LOGGER] 2024-10-06 03:13:02.390 PM error : invalid signature
 [LOGGER] 2024-10-06 03:16:27.264 PM error : Error pada file src/controllers/example.controller.ts: findAllExample - Cannot set headers after they are sent to the client
 [LOGGER] 2024-10-06 03:18:45.589 PM error : Error pada file src/controllers/example.controller.ts: findAllExample - Cannot set headers after they are sent to the client
 [LOGGER] 2024-10-06 03:18:59.874 PM error : Error pada file src/controllers/example.controller.ts: findAllExample - Cannot set headers after they are sent to the client
 [LOGGER] 2024-10-06 03:19:01.523 PM error : Error pada file src/controllers/example.controller.ts: findAllExample - Cannot set headers after they are sent to the client
 [LOGGER] 2024-10-06 03:19:04.403 PM error : Error pada file src/controllers/example.controller.ts: findAllExample - Cannot set headers after they are sent to the client
 [LOGGER] 2024-10-06 03:19:21.042 PM error : Error pada file src/controllers/example.controller.ts: findAllExample - Cannot set headers after they are sent to the client
 [LOGGER] 2024-10-06 03:20:04.825 PM error : Error pada file src/controllers/example.controller.ts: findAllExample - Cannot set headers after they are sent to the client
 [LOGGER] 2024-10-06 03:20:39.468 PM error : Error pada file src/controllers/example.controller.ts: findAllExample - Cannot set headers after they are sent to the client
 [LOGGER] 2024-10-06 03:20:53.600 PM error : Error pada file src/controllers/example.controller.ts: findAllExample - Cannot set headers after they are sent to the client
 [LOGGER] 2024-10-06 03:20:58.270 PM error : Error pada file src/controllers/example.controller.ts: findAllExample - Cannot set headers after they are sent to the client
 [LOGGER] 2024-10-06 03:21:00.431 PM error : Error pada file src/controllers/example.controller.ts: findAllExample - Cannot set headers after they are sent to the client
 [LOGGER] 2024-10-06 03:21:02.138 PM error : Error pada file src/controllers/example.controller.ts: findAllExample - Cannot set headers after they are sent to the client
 [LOGGER] 2024-10-06 03:21:33.756 PM error : Error pada file src/controllers/example.controller.ts: findAllExample - Cannot set headers after they are sent to the client
 [LOGGER] 2024-10-06 03:21:39.603 PM error : Error pada file src/controllers/example.controller.ts: findAllExample - Cannot set headers after they are sent to the client
 [LOGGER] 2024-10-06 03:24:48.789 PM error : Error pada file src/controllers/example.controller.ts: findAllExample - Cannot set headers after they are sent to the client
 [LOGGER] 2024-10-06 03:32:16.257 PM error : Error pada file src/controllers/example.controller.ts: findAllExample - Cannot set headers after they are sent to the client
