 [LOGGER] 2024-10-04 08:27:33.392 AM error : Error pada file src/controllers/user.controller.ts: verifyEmail - JsonWebTokenError: jwt malformed
 [LOGGER] 2024-10-04 08:28:42.306 AM error : Error pada file src/controllers/user.controller.ts: verifyEmail - SyntaxError: Unexpected token  in JSON at position 67
 [LOGGER] 2024-10-04 08:30:21.607 AM error : Error pada file src/controllers/user.controller.ts: verifyEmail - SyntaxError: Unexpected token  in JSON at position 67
 [LOGGER] 2024-10-04 08:31:53.668 AM error : Error pada file src/controllers/user.controller.ts: verifyEmail - SyntaxError: Unexpected token  in JSON at position 67
 [LOGGER] 2024-10-04 08:32:04.047 AM error : Error pada file src/controllers/user.controller.ts: verifyEmail - SyntaxError: Unexpected token  in JSON at position 67
 [LOGGER] 2024-10-04 08:32:04.700 AM error : Error pada file src/controllers/user.controller.ts: verifyEmail - SyntaxError: Unexpected token  in JSON at position 67
 [LOGGER] 2024-10-04 02:17:02.644 PM error : uncaughtException: listen EADDRINUSE: address already in use :::5000
Error: listen EADDRINUSE: address already in use :::5000
    at Server.setupListenHandle [as _listen2] (node:net:1817:16)
    at listenInCluster (node:net:1865:12)
    at Server.listen (node:net:1953:7)
    at Function.listen (D:\project\template project\express-ts\node_modules\express\lib\application.js:635:24)
    at Object.<anonymous> (D:\project\template project\express-ts\src\index.ts:11:5)
    at Module._compile (node:internal/modules/cjs/loader:1256:14)
    at Module.m._compile (D:\project\template project\express-ts\node_modules\ts-node\src\index.ts:1618:23)
    at Module._extensions..js (node:internal/modules/cjs/loader:1310:10)
    at Object.require.extensions.<computed> [as .ts] (D:\project\template project\express-ts\node_modules\ts-node\src\index.ts:1621:12)
    at Module.load (node:internal/modules/cjs/loader:1119:32)
 [LOGGER] 2024-10-04 02:17:13.777 PM error : uncaughtException: listen EADDRINUSE: address already in use :::5000
Error: listen EADDRINUSE: address already in use :::5000
    at Server.setupListenHandle [as _listen2] (node:net:1817:16)
    at listenInCluster (node:net:1865:12)
    at Server.listen (node:net:1953:7)
    at Function.listen (D:\project\template project\express-ts\node_modules\express\lib\application.js:635:24)
    at Object.<anonymous> (D:\project\template project\express-ts\src\index.ts:11:5)
    at Module._compile (node:internal/modules/cjs/loader:1256:14)
    at Module.m._compile (D:\project\template project\express-ts\node_modules\ts-node\src\index.ts:1618:23)
    at Module._extensions..js (node:internal/modules/cjs/loader:1310:10)
    at Object.require.extensions.<computed> [as .ts] (D:\project\template project\express-ts\node_modules\ts-node\src\index.ts:1621:12)
    at Module.load (node:internal/modules/cjs/loader:1119:32)
 [LOGGER] 2024-10-04 02:17:43.738 PM error : uncaughtException: listen EADDRINUSE: address already in use :::8000
Error: listen EADDRINUSE: address already in use :::8000
    at Server.setupListenHandle [as _listen2] (node:net:1817:16)
    at listenInCluster (node:net:1865:12)
    at Server.listen (node:net:1953:7)
    at Function.listen (D:\project\template project\express-ts\node_modules\express\lib\application.js:635:24)
    at Object.<anonymous> (D:\project\template project\express-ts\src\index.ts:11:5)
    at Module._compile (node:internal/modules/cjs/loader:1256:14)
    at Module.m._compile (D:\project\template project\express-ts\node_modules\ts-node\src\index.ts:1618:23)
    at Module._extensions..js (node:internal/modules/cjs/loader:1310:10)
    at Object.require.extensions.<computed> [as .ts] (D:\project\template project\express-ts\node_modules\ts-node\src\index.ts:1621:12)
    at Module.load (node:internal/modules/cjs/loader:1119:32)
 [LOGGER] 2024-10-04 02:19:45.578 PM error : uncaughtException: listen EADDRINUSE: address already in use :::8000
Error: listen EADDRINUSE: address already in use :::8000
    at Server.setupListenHandle [as _listen2] (node:net:1817:16)
    at listenInCluster (node:net:1865:12)
    at Server.listen (node:net:1953:7)
    at Function.listen (D:\project\template project\express-ts\node_modules\express\lib\application.js:635:24)
    at Object.<anonymous> (D:\project\template project\express-ts\src\index.ts:11:5)
    at Module._compile (node:internal/modules/cjs/loader:1256:14)
    at Module.m._compile (D:\project\template project\express-ts\node_modules\ts-node\src\index.ts:1618:23)
    at Module._extensions..js (node:internal/modules/cjs/loader:1310:10)
    at Object.require.extensions.<computed> [as .ts] (D:\project\template project\express-ts\node_modules\ts-node\src\index.ts:1621:12)
    at Module.load (node:internal/modules/cjs/loader:1119:32)
 [LOGGER] 2024-10-04 02:20:03.652 PM error : uncaughtException: listen EADDRINUSE: address already in use :::8000
Error: listen EADDRINUSE: address already in use :::8000
    at Server.setupListenHandle [as _listen2] (node:net:1817:16)
    at listenInCluster (node:net:1865:12)
    at Server.listen (node:net:1953:7)
    at Function.listen (D:\project\template project\express-ts\node_modules\express\lib\application.js:635:24)
    at Object.<anonymous> (D:\project\template project\express-ts\src\index.ts:11:5)
    at Module._compile (node:internal/modules/cjs/loader:1256:14)
    at Module.m._compile (D:\project\template project\express-ts\node_modules\ts-node\src\index.ts:1618:23)
    at Module._extensions..js (node:internal/modules/cjs/loader:1310:10)
    at Object.require.extensions.<computed> [as .ts] (D:\project\template project\express-ts\node_modules\ts-node\src\index.ts:1621:12)
    at Module.load (node:internal/modules/cjs/loader:1119:32)
 [LOGGER] 2024-10-04 02:20:25.245 PM error : uncaughtException: listen EADDRINUSE: address already in use :::5000
Error: listen EADDRINUSE: address already in use :::5000
    at Server.setupListenHandle [as _listen2] (node:net:1817:16)
    at listenInCluster (node:net:1865:12)
    at Server.listen (node:net:1953:7)
    at Function.listen (D:\project\template project\express-ts\node_modules\express\lib\application.js:635:24)
    at Object.<anonymous> (D:\project\template project\express-ts\src\index.ts:11:5)
    at Module._compile (node:internal/modules/cjs/loader:1256:14)
    at Module.m._compile (D:\project\template project\express-ts\node_modules\ts-node\src\index.ts:1618:23)
    at Module._extensions..js (node:internal/modules/cjs/loader:1310:10)
    at Object.require.extensions.<computed> [as .ts] (D:\project\template project\express-ts\node_modules\ts-node\src\index.ts:1621:12)
    at Module.load (node:internal/modules/cjs/loader:1119:32)
 [LOGGER] 2024-10-04 02:21:39.090 PM error : Error pada file src/controllers/user.controller.ts: loginUser - Error: Illegal arguments: string, undefined
 [LOGGER] 2024-10-04 02:21:41.083 PM error : Error pada file src/controllers/user.controller.ts: loginUser - Error: Illegal arguments: string, undefined
 [LOGGER] 2024-10-04 02:21:47.015 PM error : Error pada file src/controllers/user.controller.ts: loginUser - Error: Illegal arguments: string, undefined
 [LOGGER] 2024-10-04 02:22:05.144 PM error : Error pada file src/controllers/user.controller.ts: loginUser - Error: Illegal arguments: string, undefined
 [LOGGER] 2024-10-04 02:22:39.368 PM error : Error pada file src/controllers/user.controller.ts: loginUser - Error: Illegal arguments: string, undefined
 [LOGGER] 2024-10-04 02:22:52.297 PM error : Error pada file src/controllers/user.controller.ts: loginUser - Error: Illegal arguments: string, undefined
 [LOGGER] 2024-10-04 02:25:29.846 PM error : Error pada file src/controllers/user.controller.ts: loginUser - Error: Illegal arguments: string, undefined
 [LOGGER] 2024-10-04 02:25:30.937 PM error : Error pada file src/controllers/user.controller.ts: loginUser - Error: Illegal arguments: string, undefined
 [LOGGER] 2024-10-04 02:25:54.163 PM error : Error pada file src/controllers/user.controller.ts: loginUser - Error: Illegal arguments: string, undefined
 [LOGGER] 2024-10-04 02:26:17.265 PM error : Error pada file src/controllers/user.controller.ts: loginUser - Error: Illegal arguments: string, undefined
 [LOGGER] 2024-10-04 02:28:29.016 PM error : Error pada file src/controllers/user.controller.ts: loginUser - Error: Illegal arguments: string, undefined
 [LOGGER] 2024-10-04 02:28:38.098 PM error : Error pada file src/controllers/user.controller.ts: loginUser - Error: Illegal arguments: string, undefined
